
[16/03/16:58:49] (33998): Initializing Server...

[16/03/16:58:49] (33998): Server Started

[16/03/16:59:58] (34092): Started refreshing application (/) commands.

[16/03/16:59:58] (34092): Initializing Server...

[16/03/16:59:58] (34092): Server Started

[16/03/16:59:58] (34092): Successfully reloaded application (/) commands.

[16/03/17:13:32] (37068): Started refreshing application (/) commands.

[16/03/17:13:32] (37068): Initializing Server...

[16/03/17:13:32] (37068): Server Started

[16/03/17:13:33] (37068): Successfully reloaded application (/) commands.

[16/03/17:14:08] (38609): Started refreshing application (/) commands.

[16/03/17:14:08] (38609): Initializing Server...

[16/03/17:14:08] (38609): Server Started

[16/03/17:14:08] (38609): Successfully reloaded application (/) commands.

[16/03/17:14:31] (38681): Started refreshing application (/) commands.

[16/03/17:14:31] (38681): Initializing Server...

[16/03/17:14:31] (38681): Server Started

[16/03/17:14:32] (38681): Successfully reloaded application (/) commands.

[16/03/17:15:42] (38968): Started refreshing application (/) commands.

[16/03/17:15:42] (38968): Initializing Server...

[16/03/17:15:42] (38968): Server Started

[16/03/17:15:42] (38968): Successfully reloaded application (/) commands.

[16/03/17:17:14] (39170): Started refreshing application (/) commands.

[16/03/17:17:14] (39170): Initializing Server...

[16/03/17:17:14] (39170): Server Started

[16/03/17:17:15] (39170): Successfully reloaded application (/) commands.

[16/03/17:21:08] (39400): Started refreshing application (/) commands.

[16/03/17:21:08] (39400): Initializing Server...

[16/03/17:21:08] (39400): Server Started

[16/03/17:21:08] (39400): Successfully reloaded application (/) commands (Guild).

[16/03/17:22:08] (39541): Started refreshing application (/) commands.

[16/03/17:22:08] (39541): Initializing Server...

[16/03/17:22:08] (39541): Server Started

[16/03/17:22:09] (39541): Successfully reloaded application (/) commands (Guild).

[16/03/17:24:28] (40772): Started refreshing application (/) commands.

[16/03/17:24:28] (40772): Initializing Server...

[16/03/17:24:28] (40772): Server Started

[16/03/17:24:28] (40772): Successfully reloaded application (/) commands (Guild).

[13/06/14:09:44] (27895): Started refreshing application (/) commands.

[13/06/14:09:44] (27895): Initializing Server...

[13/06/14:09:44] (27895): Server Started

[13/06/14:09:45] (27895): Successfully reloaded application (/) commands.

[13/06/14:16:14] (28351): Started refreshing application (/) commands.

[13/06/14:16:14] (28351): Initializing Server...

[13/06/14:16:14] (28351): Server Started

[13/06/14:16:14] (28351): Successfully reloaded application (/) commands.

[13/06/14:20:09] (28705): Started refreshing application (/) commands.

[13/06/14:20:09] (28705): Initializing Server...

[13/06/14:20:09] (28705): Server Started

[13/06/14:20:09] (28705): Successfully reloaded application (/) commands.

[13/06/19:49:51] (44358): Started refreshing application (/) commands.

[13/06/19:49:51] (44358): Initializing Server...

[13/06/19:49:51] (44358): Server Started

[13/06/19:49:52] (44358): Successfully reloaded application (/) commands.

[13/06/19:50:38] (44467): Started refreshing application (/) commands.

[13/06/19:50:38] (44467): Initializing Server...

[13/06/19:50:38] (44467): Server Started

[13/06/19:50:39] (44467): Successfully reloaded application (/) commands.

[13/06/19:50:52] (44572): Started refreshing application (/) commands.

[13/06/19:50:52] (44572): Initializing Server...

[13/06/19:50:52] (44572): Server Started

[13/06/19:50:52] (44572): Successfully reloaded application (/) commands.

[13/06/19:51:49] (44674): Started refreshing application (/) commands.

[13/06/19:51:49] (44674): Initializing Server...

[13/06/19:51:49] (44674): Server Started

[13/06/19:51:49] (44674): Successfully reloaded application (/) commands.

[13/06/19:53:20] (44888): Started refreshing application (/) commands.

[13/06/19:53:20] (44888): Initializing Server...

[13/06/19:53:20] (44888): Server Started

[13/06/19:53:21] (44888): Successfully reloaded application (/) commands.

[13/06/19:56:53] (45204): Started refreshing application (/) commands.

[13/06/19:56:53] (45204): Initializing Server...

[13/06/19:56:53] (45204): Server Started

[13/06/19:56:54] (45204): Successfully reloaded application (/) commands.

[13/06/19:58:43] (45450): Started refreshing application (/) commands.

[13/06/19:58:43] (45450): Initializing Server...

[13/06/19:58:43] (45450): Server Started

[13/06/19:58:43] (45450): Successfully reloaded application (/) commands.

[13/06/19:59:33] (45608): Started refreshing application (/) commands.

[13/06/19:59:33] (45608): Initializing Server...

[13/06/19:59:33] (45608): Server Started

[13/06/19:59:33] (45608): Successfully reloaded application (/) commands.

[13/06/20:08:19] (46226): Started refreshing application (/) commands.

[13/06/20:08:19] (46226): Initializing Server...

[13/06/20:08:19] (46226): Server Started

[13/06/20:08:20] (46226): Successfully reloaded application (/) commands.

[13/06/20:14:57] (46702): Started refreshing application (/) commands.

[13/06/20:14:57] (46702): Initializing Server...

[13/06/20:14:57] (46702): Server Started

[13/06/20:14:58] (46702): Successfully reloaded application (/) commands.

[13/06/20:26:55] (47424): Started refreshing application (/) commands.

[13/06/20:26:55] (47424): Initializing Server...

[13/06/20:26:55] (47424): Server Started

[13/06/20:26:55] (47424): Successfully reloaded application (/) commands.

[13/06/20:28:29] (47558): Started refreshing application (/) commands.

[13/06/20:28:29] (47558): Initializing Server...

[13/06/20:28:29] (47558): Server Started

[13/06/20:28:30] (47558): Successfully reloaded application (/) commands.

[13/06/20:30:00] (47746): Started refreshing application (/) commands.

[13/06/20:30:00] (47746): Initializing Server...

[13/06/20:30:00] (47746): Server Started

[13/06/20:30:00] (47746): Successfully reloaded application (/) commands.

[13/06/20:30:21] (47884): Started refreshing application (/) commands.

[13/06/20:30:21] (47884): Initializing Server...

[13/06/20:30:21] (47884): Server Started

[13/06/20:30:22] (47884): Successfully reloaded application (/) commands.

[13/06/20:31:09] (48059): Started refreshing application (/) commands.

[13/06/20:31:09] (48059): Initializing Server...

[13/06/20:31:09] (48059): Server Started

[13/06/20:31:09] (48059): Successfully reloaded application (/) commands.

[13/06/20:34:38] (48257): Started refreshing application (/) commands.

[13/06/20:34:38] (48257): Initializing Server...

[13/06/20:34:38] (48257): Server Started

[13/06/20:34:39] (48257): Successfully reloaded application (/) commands.

[13/06/20:34:53] (48385): Started refreshing application (/) commands.

[13/06/20:34:53] (48385): Initializing Server...

[13/06/20:34:53] (48385): Server Started

[13/06/20:34:54] (48385): Successfully reloaded application (/) commands.

[13/06/20:35:51] (48436): Started refreshing application (/) commands.

[13/06/20:35:51] (48436): Initializing Server...

[13/06/20:35:51] (48436): Server Started

[13/06/20:35:52] (48436): Successfully reloaded application (/) commands.

[13/06/20:36:04] (48617): Started refreshing application (/) commands.

[13/06/20:36:04] (48617): Initializing Server...

[13/06/20:36:04] (48617): Server Started

[13/06/20:36:05] (48617): Successfully reloaded application (/) commands.

[13/06/20:38:57] (48897): Started refreshing application (/) commands.

[13/06/20:38:57] (48897): Initializing Server...

[13/06/20:38:57] (48897): Server Started

[13/06/20:38:58] (48897): Successfully reloaded application (/) commands.

[13/06/20:39:57] (49023): Started refreshing application (/) commands.

[13/06/20:39:57] (49023): Initializing Server...

[13/06/20:39:57] (49023): Server Started

[13/06/20:39:58] (49023): Successfully reloaded application (/) commands.

[13/06/20:40:12] (49047): Started refreshing application (/) commands.

[13/06/20:40:12] (49047): Initializing Server...

[13/06/20:40:12] (49047): Server Started

[13/06/20:40:13] (49047): Successfully reloaded application (/) commands.

[13/06/20:47:03] (49473): Started refreshing application (/) commands.

[13/06/20:47:03] (49473): Initializing Server...

[13/06/20:47:03] (49473): Server Started

[13/06/20:47:04] (49473): Successfully reloaded application (/) commands.

[13/06/20:48:59] (49473): Sent welcome message to asadaalt in #┆👋、welcome

[13/06/21:24:55] (51608): Started refreshing application (/) commands.

[13/06/21:24:55] (51608): Initializing Server...

[13/06/21:24:55] (51608): Server Started

[13/06/21:24:56] (51608): Successfully reloaded application (/) commands.

[13/06/21:36:59] (52333): Started refreshing application (/) commands.

[13/06/21:36:59] (52333): Initializing Server...

[13/06/21:36:59] (52333): Server Started

[13/06/21:37:00] (52333): Successfully reloaded application (/) commands.

[14/06/20:15:02] (94505): Started refreshing application (/) commands.

[14/06/20:15:02] (94505): Initializing Server...

[14/06/20:15:02] (94505): Server Started

[14/06/20:15:03] (94505): Successfully reloaded application (/) commands.

[14/06/20:16:42] (94791): Started refreshing application (/) commands.

[14/06/20:16:42] (94791): Initializing Server...

[14/06/20:16:42] (94791): Server Started

[14/06/20:16:43] (94791): Successfully reloaded application (/) commands.

[14/06/20:17:14] (94937): Started refreshing application (/) commands.

[14/06/20:17:14] (94937): Initializing Server...

[14/06/20:17:14] (94937): Server Started

[14/06/20:17:14] (94937): Successfully reloaded application (/) commands.

[14/06/20:19:36] (95168): Started refreshing application (/) commands.

[14/06/20:19:36] (95168): Initializing Server...

[14/06/20:19:36] (95168): Server Started

[14/06/20:19:37] (95168): Successfully reloaded application (/) commands.
